              	; --------------------------------------
              	; zasm: assemble "hw_better.asm"
              	; date: 2023-11-09 20:15:34
              	; --------------------------------------


0000:         	    org 0
              	
0002:         	LCDCOM  equ 2h  ; To send a command to the LCD display
0003:         	LCDCHAR equ 3h  ; To send a character to the LCD display
0004:         	LEDDIS  equ 4h  ; To send a number to the LED display
              	
0000: 31FFFF  	    LD  SP, 0FFFFh
              	
0003: 3E00    	    LD  A, 0h
0005: D304    	    OUT LEDDIS, A
              	
              	
0007: 3E38    	    LD  A,  38h ; FUNCTION SET. 00  0011 1000 
0009: D302    	    OUT LCDCOM, A 
000B: D302    	    OUT LCDCOM, A
              	
000D: 3E0C    	    LD  A,  0Ch ; DISPLAY ON.   00  0000 1100 
000F: D302    	    OUT LCDCOM, A
              	
0011: 3E01    	    LD  A,  1h  ; CLEAR DISP.   00  0000 0001
0013: D302    	    OUT LCDCOM, A
              	
0015: 3E06    	    LD  A,  6h  ; ENTRY MODE.   00  0000 0110
0017: D302    	    OUT LCDCOM, A
              	
0019: 213B00  	    LD  HL,  message
              	
001C:         	l1:
001C: 7E      	    LD  A,   (HL)
001D: D303    	    OUT LCDCHAR, A
001F: 23      	    INC HL
0020: F600    	    OR  0h
0022: C21C00  	    JP  NZ, l1
              	
0025: 3E00    	    LD  A, 0h
              	
0027: 210080  	    LD  HL, 8000h
              	
002A: 3655    	    LD  (HL), 55h
002C: 7E      	    LD  A, (HL)
              	
002D: D304    	    OUT LEDDIS, A
              	    
002F: 00      	    nop
0030: 00      	    nop
              	
0031: 3E00    	    LD  A, 0h
0033:         	l2:
0033: D304    	    OUT LEDDIS, A
0035: 00      	    nop
0036: 3C      	    INC A
0037: C33300  	    JP  l2
              	
              	
003A: 76      	    HALT
              	
003B: 48656C6C	message: .ascii "Hello, world!", 0h
003F: 6F2C2077	
0043: 6F726C64	
0047: 2100    	
              	
              	
              	
              	
              	


; +++ segments +++

#CODE          = $0000 =     0,  size = $0049 =    73

; +++ global symbols +++

LCDCHAR = $0003 =     3          hw_better.asm:4
LCDCOM  = $0002 =     2          hw_better.asm:3
LEDDIS  = $0004 =     4          hw_better.asm:5
_end    = $0049 =    73          hw_better.asm:1 (unused)
_size   = $0049 =    73          hw_better.asm:1 (unused)
l1      = $001C =    28          hw_better.asm:28
l2      = $0033 =    51          hw_better.asm:48
message = $003B =    59          hw_better.asm:57


total time: 0.0056 sec.
no errors
